// Jest Snapshot v1, https://goo.gl/fbAQLP

exports[`Auth -> Login View should match snapshot 1`] = `
<div
  class="h-full overflow-hidden"
>
  <div
    class="flex justify-end p-4"
  >
    <colorswitch-stub />
  </div>
   
  <h1
    class="text-center text-3xl font-bold"
  >
    Devmind
  </h1>
   
  <div
    class="login-body mt-12 pt-56 h-full flex flex-col items-center bg-light dark:bg-blue-main-800"
  >
    <socialloginbutton-stub
      text="Iniciar sesión con google"
      type="google"
    />
     
    <p>
      iniciar sesión con google
    </p>
  </div>
</div>
`;
